  Determining projects to restore...
  All projects are up-to-date for restore.
C:\Users\91908\Source\Repos\MyBlazorServerApp\Pages\PurchaseInvoicePrint.razor(82,43): warning CS8602: Dereference of a possibly null reference. [C:\Users\91908\Source\Repos\MyBlazorServerApp\MyBlazorServerApp.csproj]
C:\Users\91908\Source\Repos\MyBlazorServerApp\Pages\PurchaseOrder.razor(340,24): warning CS1998: This async method lacks 'await' operators and will run synchronously. Consider using the 'await' operator to await non-blocking API calls, or 'await Task.Run(...)' to do CPU-bound work on a background thread. [C:\Users\91908\Source\Repos\MyBlazorServerApp\MyBlazorServerApp.csproj]
C:\Users\91908\Source\Repos\MyBlazorServerApp\Pages\PurchaseInvoice.razor(367,34): warning CS0168: The variable 'ex' is declared but never used [C:\Users\91908\Source\Repos\MyBlazorServerApp\MyBlazorServerApp.csproj]
C:\Users\91908\Source\Repos\MyBlazorServerApp\Pages\Supplier.razor(574,35): warning CS8602: Dereference of a possibly null reference. [C:\Users\91908\Source\Repos\MyBlazorServerApp\MyBlazorServerApp.csproj]
C:\Users\91908\Source\Repos\MyBlazorServerApp\Pages\Supplier.razor(575,35): warning CS8602: Dereference of a possibly null reference. [C:\Users\91908\Source\Repos\MyBlazorServerApp\MyBlazorServerApp.csproj]
C:\Users\91908\Source\Repos\MyBlazorServerApp\Pages\Supplier.razor(576,35): warning CS8602: Dereference of a possibly null reference. [C:\Users\91908\Source\Repos\MyBlazorServerApp\MyBlazorServerApp.csproj]
C:\Users\91908\Source\Repos\MyBlazorServerApp\Pages\PurchaseInvoice.razor(430,24): warning CS1998: This async method lacks 'await' operators and will run synchronously. Consider using the 'await' operator to await non-blocking API calls, or 'await Task.Run(...)' to do CPU-bound work on a background thread. [C:\Users\91908\Source\Repos\MyBlazorServerApp\MyBlazorServerApp.csproj]
C:\Users\91908\Source\Repos\MyBlazorServerApp\Pages\Customers.razor(346,24): warning CS8602: Dereference of a possibly null reference. [C:\Users\91908\Source\Repos\MyBlazorServerApp\MyBlazorServerApp.csproj]
C:\Users\91908\Source\Repos\MyBlazorServerApp\Pages\Customers.razor(347,24): warning CS8602: Dereference of a possibly null reference. [C:\Users\91908\Source\Repos\MyBlazorServerApp\MyBlazorServerApp.csproj]
C:\Users\91908\Source\Repos\MyBlazorServerApp\Pages\PurchaseInvoice.razor(497,57): warning CS8602: Dereference of a possibly null reference. [C:\Users\91908\Source\Repos\MyBlazorServerApp\MyBlazorServerApp.csproj]
  MyBlazorServerApp -> C:\Users\91908\Source\Repos\MyBlazorServerApp\bin\Debug\net9.0\MyBlazorServerApp.dll

Build succeeded.

C:\Users\91908\Source\Repos\MyBlazorServerApp\Pages\PurchaseInvoicePrint.razor(82,43): warning CS8602: Dereference of a possibly null reference. [C:\Users\91908\Source\Repos\MyBlazorServerApp\MyBlazorServerApp.csproj]
C:\Users\91908\Source\Repos\MyBlazorServerApp\Pages\PurchaseOrder.razor(340,24): warning CS1998: This async method lacks 'await' operators and will run synchronously. Consider using the 'await' operator to await non-blocking API calls, or 'await Task.Run(...)' to do CPU-bound work on a background thread. [C:\Users\91908\Source\Repos\MyBlazorServerApp\MyBlazorServerApp.csproj]
C:\Users\91908\Source\Repos\MyBlazorServerApp\Pages\PurchaseInvoice.razor(367,34): warning CS0168: The variable 'ex' is declared but never used [C:\Users\91908\Source\Repos\MyBlazorServerApp\MyBlazorServerApp.csproj]
C:\Users\91908\Source\Repos\MyBlazorServerApp\Pages\Supplier.razor(574,35): warning CS8602: Dereference of a possibly null reference. [C:\Users\91908\Source\Repos\MyBlazorServerApp\MyBlazorServerApp.csproj]
C:\Users\91908\Source\Repos\MyBlazorServerApp\Pages\Supplier.razor(575,35): warning CS8602: Dereference of a possibly null reference. [C:\Users\91908\Source\Repos\MyBlazorServerApp\MyBlazorServerApp.csproj]
C:\Users\91908\Source\Repos\MyBlazorServerApp\Pages\Supplier.razor(576,35): warning CS8602: Dereference of a possibly null reference. [C:\Users\91908\Source\Repos\MyBlazorServerApp\MyBlazorServerApp.csproj]
C:\Users\91908\Source\Repos\MyBlazorServerApp\Pages\PurchaseInvoice.razor(430,24): warning CS1998: This async method lacks 'await' operators and will run synchronously. Consider using the 'await' operator to await non-blocking API calls, or 'await Task.Run(...)' to do CPU-bound work on a background thread. [C:\Users\91908\Source\Repos\MyBlazorServerApp\MyBlazorServerApp.csproj]
C:\Users\91908\Source\Repos\MyBlazorServerApp\Pages\Customers.razor(346,24): warning CS8602: Dereference of a possibly null reference. [C:\Users\91908\Source\Repos\MyBlazorServerApp\MyBlazorServerApp.csproj]
C:\Users\91908\Source\Repos\MyBlazorServerApp\Pages\Customers.razor(347,24): warning CS8602: Dereference of a possibly null reference. [C:\Users\91908\Source\Repos\MyBlazorServerApp\MyBlazorServerApp.csproj]
C:\Users\91908\Source\Repos\MyBlazorServerApp\Pages\PurchaseInvoice.razor(497,57): warning CS8602: Dereference of a possibly null reference. [C:\Users\91908\Source\Repos\MyBlazorServerApp\MyBlazorServerApp.csproj]
    10 Warning(s)
    0 Error(s)

Time Elapsed 00:00:33.85
